INFO 2026-04-29 18:16:34,955 autoreload 36024 24300 Watching for file changes with StatReloader
INFO 2026-04-29 18:16:43,847 basehttp 36024 28724 "GET /payments/initiate/165/ HTTP/1.1" 200 12346
INFO 2026-04-29 18:16:55,048 basehttp 36024 28724 "POST /payments/initiate/165/ HTTP/1.1" 302 0
INFO 2026-04-29 18:16:55,148 basehttp 36024 28724 "GET /payments/status/6e6fc6a6-ab56-47bd-9f9e-985612526ccb/ HTTP/1.1" 200 20143
INFO 2026-04-29 18:16:58,873 basehttp 36024 28724 "POST /payments/check-status/6e6fc6a6-ab56-47bd-9f9e-985612526ccb/ HTTP/1.1" 200 391
INFO 2026-04-29 18:17:08,629 basehttp 36024 28724 "POST /payments/check-status/6e6fc6a6-ab56-47bd-9f9e-985612526ccb/ HTTP/1.1" 200 391
INFO 2026-04-29 18:17:18,105 basehttp 36024 28724 "POST /payments/check-status/6e6fc6a6-ab56-47bd-9f9e-985612526ccb/ HTTP/1.1" 200 181
INFO 2026-04-29 18:17:36,573 basehttp 36024 14232 "POST /payments/check-status/6e6fc6a6-ab56-47bd-9f9e-985612526ccb/ HTTP/1.1" 200 277
INFO 2026-04-29 18:17:46,899 basehttp 36024 14232 "POST /payments/check-status/6e6fc6a6-ab56-47bd-9f9e-985612526ccb/ HTTP/1.1" 200 277
INFO 2026-04-29 18:17:57,103 basehttp 36024 14232 "POST /payments/check-status/6e6fc6a6-ab56-47bd-9f9e-985612526ccb/ HTTP/1.1" 200 277
INFO 2026-04-29 18:18:07,938 basehttp 36024 14232 "POST /payments/check-status/6e6fc6a6-ab56-47bd-9f9e-985612526ccb/ HTTP/1.1" 200 277
INFO 2026-04-29 18:18:16,668 basehttp 36024 14232 "POST /payments/check-status/6e6fc6a6-ab56-47bd-9f9e-985612526ccb/ HTTP/1.1" 200 277
INFO 2026-04-29 18:18:32,587 basehttp 36024 28692 "GET /receipts/ HTTP/1.1" 200 11457
INFO 2026-04-29 18:18:39,905 basehttp 36024 28692 "GET /receipts/37/ HTTP/1.1" 200 16812
INFO 2026-04-29 18:18:40,237 basehttp 36024 28692 "GET /receipts/37/qr/ HTTP/1.1" 200 1358
INFO 2026-04-29 18:18:56,819 basehttp 36024 28692 "GET /bookings/ HTTP/1.1" 200 19266
INFO 2026-04-29 18:19:03,532 basehttp 36024 28692 "GET /bookings/165/ HTTP/1.1" 200 15329
INFO 2026-04-29 18:19:19,033 basehttp 36024 4140 "POST /payments/check-status/6e6fc6a6-ab56-47bd-9f9e-985612526ccb/ HTTP/1.1" 200 166
INFO 2026-04-29 18:19:25,307 basehttp 36024 4140 "POST /payments/check-status/6e6fc6a6-ab56-47bd-9f9e-985612526ccb/ HTTP/1.1" 200 65
INFO 2026-04-29 18:19:27,465 basehttp 36024 4140 "GET /payments/status/6e6fc6a6-ab56-47bd-9f9e-985612526ccb/ HTTP/1.1" 302 0
INFO 2026-04-29 18:19:27,565 basehttp 36024 4140 "GET /receipts/38/ HTTP/1.1" 200 17123
INFO 2026-04-29 18:19:27,882 basehttp 36024 4140 "GET /receipts/38/qr/ HTTP/1.1" 200 1779
INFO 2026-04-29 18:19:33,478 basehttp 36024 28692 - Broken pipe from ('127.0.0.1', 61380)
INFO 2026-04-29 18:19:47,269 basehttp 36024 4140 "GET /accounts/logout/ HTTP/1.1" 302 0
INFO 2026-04-29 18:19:47,316 basehttp 36024 4140 "GET /accounts/login/ HTTP/1.1" 200 4854
INFO 2026-04-29 18:19:55,806 basehttp 36024 4140 "GET /accounts/register/farmer/ HTTP/1.1" 200 8339
INFO 2026-04-29 18:19:59,593 basehttp 36024 4140 "GET /accounts/login/ HTTP/1.1" 200 4854
INFO 2026-04-29 18:20:03,464 basehttp 36024 4140 "GET /accounts/register/farmer/ HTTP/1.1" 200 8339
INFO 2026-04-29 18:20:07,361 basehttp 36024 4140 "GET /accounts/login/ HTTP/1.1" 200 4854
INFO 2026-04-29 18:20:08,862 basehttp 36024 4140 "GET /accounts/register/farmer/ HTTP/1.1" 200 8339
INFO 2026-04-29 18:20:11,064 basehttp 36024 4140 "GET /accounts/login/ HTTP/1.1" 200 4854
INFO 2026-04-29 18:20:14,366 basehttp 36024 4140 "POST /accounts/login/ HTTP/1.1" 302 0
INFO 2026-04-29 18:20:14,694 basehttp 36024 4140 "GET /dashboard/ HTTP/1.1" 200 16634
INFO 2026-04-29 18:20:20,514 basehttp 36024 4140 "GET /withdrawals/ HTTP/1.1" 200 11680
INFO 2026-04-29 18:20:29,447 basehttp 36024 4140 "GET /withdrawals/2/ HTTP/1.1" 200 18011
INFO 2026-04-29 18:20:39,750 basehttp 36024 4140 "GET /bookings/ HTTP/1.1" 200 19254
INFO 2026-04-29 18:20:41,736 basehttp 36024 4140 "GET /inventory/ HTTP/1.1" 200 11484
INFO 2026-04-29 18:20:51,534 basehttp 36024 4140 "GET /withdrawals/schedule/38/ HTTP/1.1" 200 13931
INFO 2026-04-29 18:21:06,966 basehttp 36024 4140 "POST /withdrawals/schedule/38/ HTTP/1.1" 302 0
INFO 2026-04-29 18:21:07,008 basehttp 36024 4140 "GET /withdrawals/3/ HTTP/1.1" 200 18154
INFO 2026-04-29 18:21:13,537 basehttp 36024 4140 "GET /accounts/logout/ HTTP/1.1" 302 0
INFO 2026-04-29 18:21:13,547 basehttp 36024 4140 "GET /accounts/login/ HTTP/1.1" 200 4854
INFO 2026-04-29 18:21:15,740 basehttp 36024 4140 "GET /accounts/register/operator/ HTTP/1.1" 200 7832
INFO 2026-04-29 18:21:20,160 basehttp 36024 4140 "GET /accounts/login/ HTTP/1.1" 200 4854
INFO 2026-04-29 18:22:04,516 basehttp 36024 4140 "POST /accounts/login/ HTTP/1.1" 302 0
INFO 2026-04-29 18:22:04,711 basehttp 36024 4140 "GET /dashboard/ HTTP/1.1" 200 36470
INFO 2026-04-29 18:22:15,443 basehttp 36024 4140 "GET /withdrawals/ HTTP/1.1" 200 11719
INFO 2026-04-29 18:22:20,765 basehttp 36024 4140 "GET /withdrawals/3/ HTTP/1.1" 200 19466
INFO 2026-04-29 18:22:24,719 basehttp 36024 4140 "POST /withdrawals/ajax/3/accept/ HTTP/1.1" 200 126
INFO 2026-04-29 18:22:26,318 basehttp 36024 4140 "GET /withdrawals/3/ HTTP/1.1" 200 18638
INFO 2026-04-29 18:22:31,171 basehttp 36024 4140 "POST /withdrawals/ajax/3/approve/ HTTP/1.1" 200 126
INFO 2026-04-29 18:22:32,775 basehttp 36024 4140 "GET /withdrawals/3/ HTTP/1.1" 200 18913
INFO 2026-04-29 18:22:36,990 basehttp 36024 4140 "POST /withdrawals/ajax/3/complete/ HTTP/1.1" 200 347
INFO 2026-04-29 18:22:37,042 basehttp 36024 4140 "GET /withdrawals/3/ HTTP/1.1" 200 18064
INFO 2026-04-29 18:22:50,727 basehttp 36024 4140 "GET /accounts/logout/ HTTP/1.1" 302 0
INFO 2026-04-29 18:22:50,736 basehttp 36024 4140 "GET /accounts/login/ HTTP/1.1" 200 4854
INFO 2026-04-29 18:22:54,822 basehttp 36024 4140 "POST /accounts/login/ HTTP/1.1" 302 0
INFO 2026-04-29 18:22:54,932 basehttp 36024 4140 "GET /dashboard/ HTTP/1.1" 200 16634
INFO 2026-04-29 18:23:00,832 basehttp 36024 4140 "GET /inventory/ HTTP/1.1" 200 10361
INFO 2026-04-29 18:23:06,504 basehttp 36024 4140 "GET /receipts/ HTTP/1.1" 200 12376
INFO 2026-04-29 18:23:11,523 basehttp 36024 4140 "GET /receipts/38/ HTTP/1.1" 200 16828
INFO 2026-04-29 18:23:11,740 basehttp 36024 4140 "GET /receipts/38/qr/ HTTP/1.1" 200 1779
INFO 2026-04-29 18:29:27,315 basehttp 36024 24696 "GET /accounts/logout/ HTTP/1.1" 302 0
INFO 2026-04-29 18:29:27,333 basehttp 36024 24696 "GET /accounts/login/ HTTP/1.1" 200 4854
INFO 2026-04-29 22:46:10,671 autoreload 26352 27444 Watching for file changes with StatReloader
